sh: timeout: command not found
